// 同步 ID: d7cdf689 @ Sat Jul 25 06:46:30 UTC 2026
// 同步 ID: c4366807 @ Sun Jul 26 04:42:26 UTC 2026
// 重构日志: 232fc1e9
// 重构日志: 8f79a56c
// 重构日志: a00f2edd
// 重构日志: 7202caa6
// 重构日志: fc399dd8
// 重构日志: 98a3e96a
// 重构日志: e361a9fe
// 同步 ID: 936e3494 @ Wed Jul 29 18:17:04 UTC 2026
// 重构日志: 945aecc4
// 同步 ID: 59f94b71 @ Thu Jul 30 13:00:32 UTC 2026
// 重构日志: fe8b4fa9
// 同步 ID: 0c88895b @ Thu Jul 30 17:33:24 UTC 2026
// 重构日志: 3ff9ec86
// 重构日志: e2c9c3fe
// 同步 ID: 1e2c4979 @ Fri Jul 31 11:40:49 UTC 2026
// 重构日志: 29e18951
// 重构日志: 0f8446b3
// 重构日志: c8987001
// 同步 ID: 6ae46b1a @ Sat Aug  1 15:25:20 UTC 2026
// 同步 ID: 73ff61f5 @ Sun Aug  2 06:55:10 UTC 2026
// 重构日志: ee6791c8
// 重构日志: c8fefd85
// 重构日志: f65e200e
// 重构日志: 0b434a68
// 重构日志: dc89273e
// 重构日志: d8c0ca24
// 同步 ID: ef30049f @ Wed Aug  5 07:00:34 UTC 2026
// 同步 ID: 1924dbb8 @ Wed Aug  5 14:35:19 UTC 2026
